------ simple atom ------
mach:
line1
hum:
line1

------ one trailing newline ------
mach:
"line1\n"
hum:
"line1\n"

------ two lines ------
mach:
"line1\nline2"
hum:
 "line1\
\nline2"

------ two lines and trailing newline ------
mach:
"line1\nline2\n"
hum:
 "line1\
\nline2\
\n"

------ two lines, windows style ------
mach:
"line1\r\nline2"
hum:
 "line1\r\
\nline2"

------ two lines and trailing windows style ------
mach:
"line1\r\nline2\r\n"
hum:
 "line1\r\
\nline2\r\
\n"

------ two lines inside of parens ------
mach:
("line1\nline2")
hum:
( "line1\
 \nline2")

------ many lines and indentation in the atom ------
mach:
"line1\n line2\n  line3\n   line4\n"
hum:
 "line1\
\n line2\
\n  line3\
\n   line4\
\n"

------ indentation with tabs in the atom ------
mach:
"line1\n\tline2\n\t\tline3\n\t\t\tline4\n"
hum:
 "line1\
\n\tline2\
\n\t\tline3\
\n\t\t\tline4\
\n"

------ trailing whitespace ------
mach:
(("line1  \n  line3  \n  "))
hum:
(( "line1  \
  \n  line3  \
  \n  "))

------ catalog snapshot ------
mach:
"                cancel-buy\n                |  cancel-sell\n                |  |  local-buy\n                |  |  |    local-cancel-buy\n                |  |  |    |  local-cancel-sell\n                |  |  |    |  |  local-sell\nINDEX      buy  |  |  |    |  |  |  sell\n|          |    |  |  |    |  |  |  |\ntest_sym1  10.        10.           9.\ntest_sym3                             \n"
hum:
 "                cancel-buy\
\n                |  cancel-sell\
\n                |  |  local-buy\
\n                |  |  |    local-cancel-buy\
\n                |  |  |    |  local-cancel-sell\
\n                |  |  |    |  |  local-sell\
\nINDEX      buy  |  |  |    |  |  |  sell\
\n|          |    |  |  |    |  |  |  |\
\ntest_sym1  10.        10.           9.\
\ntest_sym3                             \
\n"

